-- Test conflict history persistence feature
SELECT * FROM pglogical_regress_variables()
\gset
\c :provider_dsn
-- Create test table for conflict scenarios
SELECT pglogical.replicate_ddl_command($$
    CREATE TABLE public.conflict_test (
        id integer PRIMARY KEY,
        data text,
        num integer
    );
$$);
 replicate_ddl_command 
-----------------------
 t
(1 row)

SELECT * FROM pglogical.replication_set_add_table('default', 'conflict_test');
 replication_set_add_table 
---------------------------
 t
(1 row)

SELECT pglogical.wait_slot_confirm_lsn(NULL, NULL);
 wait_slot_confirm_lsn 
-----------------------
 
(1 row)

\c :subscriber_dsn
-- Verify conflict_history table exists and check schema
SELECT c.relname, c.relkind
FROM pg_class c
JOIN pg_namespace n ON n.oid = c.relnamespace
WHERE n.nspname = 'pglogical' AND c.relname = 'conflict_history';
     relname      | relkind 
------------------+---------
 conflict_history | p
(1 row)

-- Check that table is partitioned
SELECT c.relname, pt.partstrat
FROM pg_class c
JOIN pg_namespace n ON n.oid = c.relnamespace
JOIN pg_partitioned_table pt ON pt.partrelid = c.oid
WHERE n.nspname = 'pglogical' AND c.relname = 'conflict_history';
     relname      | partstrat 
------------------+-----------
 conflict_history | r
(1 row)

-- Verify views exist
SELECT viewname FROM pg_views
WHERE schemaname = 'pglogical' AND viewname IN ('recent_conflicts', 'conflict_summary')
ORDER BY viewname;
     viewname     
------------------
 conflict_summary
 recent_conflicts
(2 rows)

-- Verify functions exist
SELECT p.proname
FROM pg_proc p
JOIN pg_namespace n ON n.oid = p.pronamespace
WHERE n.nspname = 'pglogical'
AND p.proname IN ('conflict_history_ensure_partition', 'conflict_history_cleanup',
                  'conflict_stats', 'show_subscription_conflicts')
ORDER BY p.proname;
              proname              
-----------------------------------
 conflict_history_cleanup
 conflict_history_ensure_partition
 conflict_stats
 show_subscription_conflicts
(4 rows)

-- Test GUC variables - check that conflict history is enabled (set in regress config)
SHOW pglogical.conflict_history_enabled;
 pglogical.conflict_history_enabled 
------------------------------------
 on
(1 row)

SHOW pglogical.conflict_history_store_tuples;
 pglogical.conflict_history_store_tuples 
-----------------------------------------
 on
(1 row)

SHOW pglogical.conflict_history_max_tuple_size;
 pglogical.conflict_history_max_tuple_size 
-------------------------------------------
 1024
(1 row)

-- Verify initial partition exists for current month
SELECT count(*) > 0 AS has_current_partition
FROM pg_class c
JOIN pg_namespace n ON n.oid = c.relnamespace
WHERE n.nspname = 'pglogical'
AND c.relname ~ '^conflict_history_[0-9]{4}_[0-9]{2}$';
 has_current_partition 
-----------------------
 t
(1 row)

-- Test partition creation function (idempotent)
SELECT pglogical.conflict_history_ensure_partition(CURRENT_DATE);
 conflict_history_ensure_partition 
-----------------------------------
 
(1 row)

SELECT pglogical.conflict_history_ensure_partition(CURRENT_DATE); -- Should be no-op
 conflict_history_ensure_partition 
-----------------------------------
 
(1 row)

-- Test partition creation for future month (need explicit cast to DATE)
SELECT pglogical.conflict_history_ensure_partition((CURRENT_DATE + interval '1 month')::DATE);
 conflict_history_ensure_partition 
-----------------------------------
 
(1 row)

-- Check we now have at least 2 partitions
SELECT count(*) >= 2 AS has_multiple_partitions
FROM pg_class c
JOIN pg_namespace n ON n.oid = c.relnamespace
JOIN pg_inherits i ON i.inhrelid = c.oid
WHERE n.nspname = 'pglogical'
AND c.relname ~ '^conflict_history_[0-9]{4}_[0-9]{2}$';
 has_multiple_partitions 
-------------------------
 t
(1 row)

-- Get count before our test conflicts (other tests may have created conflicts)
SELECT count(*) AS before_test FROM pglogical.conflict_history;
 before_test 
-------------
           0
(1 row)

-- Insert test row on subscriber before provider (to create conflict)
INSERT INTO conflict_test (id, data, num) VALUES (1, 'subscriber_data', 100);
\c :provider_dsn
-- Insert same primary key on provider (will cause conflict on subscriber)
INSERT INTO conflict_test (id, data, num) VALUES (1, 'provider_data', 200);
SELECT pglogical.wait_slot_confirm_lsn(NULL, NULL);
 wait_slot_confirm_lsn 
-----------------------
 
(1 row)

\c :subscriber_dsn
-- Check that conflict was recorded (should have at least one more than before)
SELECT count(*) > (SELECT count(*) FROM pglogical.conflict_history WHERE table_name != 'conflict_test')
    AS new_conflict_recorded
FROM pglogical.conflict_history
WHERE table_name = 'conflict_test';
 new_conflict_recorded 
-----------------------
 t
(1 row)

-- Query conflict details for our test table
SELECT
    conflict_type,
    resolution,
    schema_name,
    table_name,
    CASE WHEN local_tuple IS NOT NULL THEN 'has_local_tuple' ELSE 'no_local_tuple' END as local_tuple_status,
    CASE WHEN remote_tuple IS NOT NULL THEN 'has_remote_tuple' ELSE 'no_remote_tuple' END as remote_tuple_status,
    remote_origin IS NOT NULL AS has_remote_origin
FROM pglogical.conflict_history
WHERE table_name = 'conflict_test'
ORDER BY recorded_at DESC
LIMIT 1;
 conflict_type |  resolution  | schema_name |  table_name   | local_tuple_status | remote_tuple_status | has_remote_origin 
---------------+--------------+-------------+---------------+--------------------+---------------------+-------------------
 insert_insert | apply_remote | public      | conflict_test | has_local_tuple    | has_remote_tuple    | t
(1 row)

-- Test local_tuple and remote_tuple JSONB content (if stored)
SELECT
    local_tuple->>'id' as local_id,
    local_tuple->>'data' as local_data,
    remote_tuple->>'id' as remote_id,
    remote_tuple->>'data' as remote_data
FROM pglogical.conflict_history
WHERE table_name = 'conflict_test'
AND local_tuple IS NOT NULL
ORDER BY recorded_at DESC
LIMIT 1;
 local_id |   local_data    | remote_id |  remote_data  
----------+-----------------+-----------+---------------
 1        | subscriber_data | 1         | provider_data
(1 row)

-- Test recent_conflicts view
SELECT
    conflict_type,
    resolution,
    table_name
FROM pglogical.recent_conflicts
WHERE table_name = 'conflict_test'
LIMIT 1;
 conflict_type |  resolution  |  table_name   
---------------+--------------+---------------
 insert_insert | apply_remote | conflict_test
(1 row)

-- Test conflict_summary view (filter to our table)
SELECT
    table_name,
    conflict_type,
    resolution,
    conflict_count > 0 AS has_conflicts
FROM pglogical.conflict_summary
WHERE table_name = 'conflict_test';
  table_name   | conflict_type |  resolution  | has_conflicts 
---------------+---------------+--------------+---------------
 conflict_test | insert_insert | apply_remote | t
(1 row)

-- Test cleanup function (should return 0 since partitions are recent)
SELECT pglogical.conflict_history_cleanup(30);
 conflict_history_cleanup 
--------------------------
                        0
(1 row)

-- Test cleanup with very short retention (0 days - keeps only current month)
SELECT pglogical.conflict_history_cleanup(0) >= 0 AS cleanup_worked;
 cleanup_worked 
----------------
 t
(1 row)

-- Cleanup test table
\c :provider_dsn
\set VERBOSITY terse
SELECT pglogical.replicate_ddl_command($$
    DROP TABLE public.conflict_test CASCADE;
$$);
NOTICE:  drop cascades to table public.conflict_test membership in replication set default
 replicate_ddl_command 
-----------------------
 t
(1 row)

